// Vitest Snapshot v1, https://vitest.dev/guide/snapshot.html

exports[`Slider tests > match snapshot 1`] = `
<div>
  <div
    class="wrapper"
    style="--amount-brands: 2; border-top: 1px solid #7c05d8; border-bottom: 1px solid #7c05d8; background-color: rgba(0, 0, 0, 0.2);"
  >
    <div
      class="item item1"
      style="--item: 1;"
    >
      <img
        alt="React-icon"
        class="brand-slider"
        height="50"
        loading="lazy"
        src="react.png"
        style="width: 5rem; height: 5rem;"
        width="50"
      />
    </div>
    <div
      class="item item2"
      style="--item: 2;"
    >
      <img
        alt="Node.js-icon"
        class="brand-slider"
        height="50"
        loading="lazy"
        src="node.png"
        style="width: 5rem; height: 5rem;"
        width="50"
      />
    </div>
  </div>
</div>
`;
